{
  "Drash.Services": {
    "ClassOne": {
      "description": [
        "Class one does class one things."
      ],
      "fully_qualified_name": "Drash.Services.ClassOne",
      "properties": {
        "property_one": {
          "access_modifier": "public",
          "description": null,
          "annotation": {
            "line": "@property string property_one",
            "data_type": "string",
            "name": "property_one"
          },
          "signature": "public property_one: string = \"\"",
          "name": "property_one",
          "fully_qualified_name": "Drash.Services.ClassOne.property_one"
        }
      },
      "methods": {
        "classOneMethodOne": {
          "access_modifier": "public",
          "name": "classOneMethodOne",
          "description": null,
          "params": {
            "myObject": {
              "name": "myObject",
              "description": [
                "My object."
              ],
              "annotation": {
                "line": "@param any myObject",
                "data_type": "any",
                "name": "myObject"
              }
            },
            "myString": {
              "name": "myString",
              "description": [
                "Lorem ipsum dolor sit amet, consectetur adipiscing elit. Nullam finibus\nmalesuada leo, vitae vehicula tellus. Aliquam a est in nisi placerat\nplacerat quis vitae lectus. Class aptent taciti sociosqu ad litora\ntorquent per conubia nostra, per inceptos himenaeos. Aenean vulputate\nsed leo eu faucibus. Suspendisse mauris diam, congue finibus finibus\neu, bibendum sit amet justo. Fusce eu enim mollis, viverra tortor ut,\nsagittis velit. Cras lobortis augue sed eleifend blandit. Aenean\nscelerisque viverra facilisis. Morbi sit amet pulvinar diam. Sed id\ntortor et sem semper imperdiet in ut libero.",
                "This is a second paragraph.\nThis is another line belonging to the second paragraph.",
                "This is a third paragraph."
              ],
              "annotation": {
                "line": "@param string myString",
                "data_type": "string",
                "name": "myString"
              }
            }
          },
          "returns": [
            {
              "description": [
                "Returns any when something cool happens.",
                "Returns undefined when uhhhhhhhhhh k."
              ],
              "annotation": {
                "line": "@return any|undefined",
                "data_type": "any|undefined",
                "name": null
              }
            },
            {
              "description": [
                "Returns a string when the other two don't get got returRrRrRrned."
              ],
              "annotation": {
                "line": "@return string",
                "data_type": "string",
                "name": null
              }
            }
          ],
          "throws": [
            {
              "description": [
                "Thrown when something happens.",
                "Thrown when something else happens too."
              ],
              "annotation": {
                "line": "@throws SomeException",
                "data_type": "SomeException",
                "name": null
              }
            },
            {
              "description": [
                "Lorem ipsum dolor sit amet, consectetur adipiscing elit. Nullam finibus\nmalesuada leo, vitae vehicula tellus. Aliquam a est in nisi placerat\nplacerat quis vitae lectus. Class aptent taciti sociosqu ad litora\ntorquent per conubia nostra, per inceptos himenaeos. Aenean vulputate\nsed leo eu faucibus. Suspendisse mauris diam, congue finibus finibus\neu, bibendum sit amet justo. Fusce eu enim mollis, viverra tortor ut,\nsagittis velit. Cras lobortis augue sed eleifend blandit. Aenean\nscelerisque viverra facilisis. Morbi sit amet pulvinar diam. Sed id\ntortor et sem semper imperdiet in ut libero.",
                "This is a second paragraph."
              ],
              "annotation": {
                "line": "@throws SomeOtherException",
                "data_type": "SomeOtherException",
                "name": null
              }
            }
          ],
          "signature": "public classOneMethodOne(myObject: any, myString: string)",
          "fully_qualified_name": "Drash.Services.ClassOne.classOneMethodOne"
        }
      }
    }
  }
}
